com/stilles/stilles_auto/repository/UserRepository.class
com/stilles/stilles_auto/mapper/RentalMapperImpl.class
com/stilles/stilles_auto/mapper/RentalMapper.class
com/stilles/stilles_auto/repository/AccessoryRepository.class
com/stilles/stilles_auto/entity/ImportExportRequest$ImportExportRequestBuilder.class
com/stilles/stilles_auto/repository/api/VehicleRepositoryApi.class
com/stilles/stilles_auto/exception/GlobalExceptionHandler.class
com/stilles/stilles_auto/security/SecurityContextRepository.class
com/stilles/stilles_auto/entity/User.class
com/stilles/stilles_auto/service/AccessoryService.class
com/stilles/stilles_auto/dto/AccessoryDTO.class
com/stilles/stilles_auto/mapper/VehicleMapper.class
com/stilles/stilles_auto/entity/Sale.class
com/stilles/stilles_auto/security/CustomUserDetailsService.class
com/stilles/stilles_auto/repository/VehicleRepository.class
com/stilles/stilles_auto/service/RentalService.class
com/stilles/stilles_auto/dto/RentalDTO.class
com/stilles/stilles_auto/repository/SaleRepository.class
com/stilles/stilles_auto/entity/RentalReturn.class
com/stilles/stilles_auto/exception/ErrorResponse$ErrorResponseBuilder.class
com/stilles/stilles_auto/dto/AuthResponse.class
com/stilles/stilles_auto/exception/ErrorResponse.class
com/stilles/stilles_auto/controller/AccessoryController.class
com/stilles/stilles_auto/mapper/SaleMapper.class
com/stilles/stilles_auto/entity/AccessoryOrder$OrderStatus.class
com/stilles/stilles_auto/entity/User$UserRole.class
com/stilles/stilles_auto/security/CustomUserDetails.class
com/stilles/stilles_auto/service/api/SaleServiceApi.class
com/stilles/stilles_auto/controller/AuthController.class
com/stilles/stilles_auto/entity/Sale$SaleBuilder.class
com/stilles/stilles_auto/service/VehicleService.class
com/stilles/stilles_auto/controller/RentalController.class
com/stilles/stilles_auto/controller/VehicleController.class
com/stilles/stilles_auto/repository/api/RentalRepositoryApi.class
com/stilles/stilles_auto/dto/VehicleDTO.class
com/stilles/stilles_auto/repository/AccessoryOrderRepository.class
com/stilles/stilles_auto/entity/Vehicle.class
com/stilles/stilles_auto/dto/RegisterRequest.class
com/stilles/stilles_auto/dto/SaleDTO.class
com/stilles/stilles_auto/entity/ImportExportRequest$RequestType.class
com/stilles/stilles_auto/repository/api/SaleRepositoryApi.class
com/stilles/stilles_auto/entity/Rental$RentalStatus.class
com/stilles/stilles_auto/security/AuthenticationManager.class
com/stilles/stilles_auto/entity/Rental.class
com/stilles/stilles_auto/repository/ImportExportRequestRepository.class
com/stilles/stilles_auto/mapper/SaleMapperImpl.class
com/stilles/stilles_auto/entity/User$UserBuilder.class
com/stilles/stilles_auto/repository/RentalReturnRepository.class
com/stilles/stilles_auto/entity/Sale$SaleStatus.class
com/stilles/stilles_auto/service/api/AccessoryServiceApi.class
com/stilles/stilles_auto/controller/SaleController.class
com/stilles/stilles_auto/repository/api/AccessoryRepositoryApi.class
com/stilles/stilles_auto/entity/Accessory.class
com/stilles/stilles_auto/entity/Rental$RentalBuilder.class
com/stilles/stilles_auto/service/SaleService.class
com/stilles/stilles_auto/security/JwtTokenProvider.class
com/stilles/stilles_auto/entity/RentalReturn$RentalReturnBuilder.class
com/stilles/stilles_auto/mapper/AccessoryMapperImpl.class
com/stilles/stilles_auto/entity/Accessory$AccessoryBuilder.class
com/stilles/stilles_auto/service/api/RentalServiceApi.class
com/stilles/stilles_auto/service/api/VehicleServiceApi.class
com/stilles/stilles_auto/config/SecurityConfig.class
com/stilles/stilles_auto/entity/Vehicle$VehicleBuilder.class
com/stilles/stilles_auto/entity/AccessoryOrder.class
com/stilles/stilles_auto/mapper/VehicleMapperImpl.class
com/stilles/stilles_auto/mapper/AccessoryMapper.class
com/stilles/stilles_auto/service/AuthService.class
com/stilles/stilles_auto/mapper/UserMapper.class
com/stilles/stilles_auto/entity/Vehicle$VehicleStatus.class
com/stilles/stilles_auto/entity/AccessoryOrder$AccessoryOrderBuilder.class
com/stilles/stilles_auto/repository/RentalRepository.class
com/stilles/stilles_auto/entity/Vehicle$FuelType.class
com/stilles/stilles_auto/StillesAutoApplication.class
com/stilles/stilles_auto/mapper/UserMapperImpl.class
com/stilles/stilles_auto/dto/AuthRequest.class
com/stilles/stilles_auto/entity/ImportExportRequest$RequestStatus.class
com/stilles/stilles_auto/entity/Vehicle$VehicleType.class
com/stilles/stilles_auto/entity/ImportExportRequest.class
