/home/varnel/Downloads/stilles_auto/src/main/java/com/stilles/stilles_auto/StillesAutoApplication.java
/home/varnel/Downloads/stilles_auto/src/main/java/com/stilles/stilles_auto/config/SecurityConfig.java
/home/varnel/Downloads/stilles_auto/src/main/java/com/stilles/stilles_auto/controller/AccessoryController.java
/home/varnel/Downloads/stilles_auto/src/main/java/com/stilles/stilles_auto/controller/AuthController.java
/home/varnel/Downloads/stilles_auto/src/main/java/com/stilles/stilles_auto/controller/RentalController.java
/home/varnel/Downloads/stilles_auto/src/main/java/com/stilles/stilles_auto/controller/SaleController.java
/home/varnel/Downloads/stilles_auto/src/main/java/com/stilles/stilles_auto/controller/VehicleController.java
/home/varnel/Downloads/stilles_auto/src/main/java/com/stilles/stilles_auto/dto/AccessoryDTO.java
/home/varnel/Downloads/stilles_auto/src/main/java/com/stilles/stilles_auto/dto/AuthRequest.java
/home/varnel/Downloads/stilles_auto/src/main/java/com/stilles/stilles_auto/dto/AuthResponse.java
/home/varnel/Downloads/stilles_auto/src/main/java/com/stilles/stilles_auto/dto/RegisterRequest.java
/home/varnel/Downloads/stilles_auto/src/main/java/com/stilles/stilles_auto/dto/RentalDTO.java
/home/varnel/Downloads/stilles_auto/src/main/java/com/stilles/stilles_auto/dto/SaleDTO.java
/home/varnel/Downloads/stilles_auto/src/main/java/com/stilles/stilles_auto/dto/VehicleDTO.java
/home/varnel/Downloads/stilles_auto/src/main/java/com/stilles/stilles_auto/entity/Accessory.java
/home/varnel/Downloads/stilles_auto/src/main/java/com/stilles/stilles_auto/entity/AccessoryOrder.java
/home/varnel/Downloads/stilles_auto/src/main/java/com/stilles/stilles_auto/entity/ImportExportRequest.java
/home/varnel/Downloads/stilles_auto/src/main/java/com/stilles/stilles_auto/entity/Rental.java
/home/varnel/Downloads/stilles_auto/src/main/java/com/stilles/stilles_auto/entity/RentalReturn.java
/home/varnel/Downloads/stilles_auto/src/main/java/com/stilles/stilles_auto/entity/Sale.java
/home/varnel/Downloads/stilles_auto/src/main/java/com/stilles/stilles_auto/entity/User.java
/home/varnel/Downloads/stilles_auto/src/main/java/com/stilles/stilles_auto/entity/Vehicle.java
/home/varnel/Downloads/stilles_auto/src/main/java/com/stilles/stilles_auto/exception/ErrorResponse.java
/home/varnel/Downloads/stilles_auto/src/main/java/com/stilles/stilles_auto/exception/GlobalExceptionHandler.java
/home/varnel/Downloads/stilles_auto/src/main/java/com/stilles/stilles_auto/mapper/AccessoryMapper.java
/home/varnel/Downloads/stilles_auto/src/main/java/com/stilles/stilles_auto/mapper/RentalMapper.java
/home/varnel/Downloads/stilles_auto/src/main/java/com/stilles/stilles_auto/mapper/SaleMapper.java
/home/varnel/Downloads/stilles_auto/src/main/java/com/stilles/stilles_auto/mapper/UserMapper.java
/home/varnel/Downloads/stilles_auto/src/main/java/com/stilles/stilles_auto/mapper/VehicleMapper.java
/home/varnel/Downloads/stilles_auto/src/main/java/com/stilles/stilles_auto/repository/AccessoryOrderRepository.java
/home/varnel/Downloads/stilles_auto/src/main/java/com/stilles/stilles_auto/repository/AccessoryRepository.java
/home/varnel/Downloads/stilles_auto/src/main/java/com/stilles/stilles_auto/repository/ImportExportRequestRepository.java
/home/varnel/Downloads/stilles_auto/src/main/java/com/stilles/stilles_auto/repository/RentalRepository.java
/home/varnel/Downloads/stilles_auto/src/main/java/com/stilles/stilles_auto/repository/RentalReturnRepository.java
/home/varnel/Downloads/stilles_auto/src/main/java/com/stilles/stilles_auto/repository/SaleRepository.java
/home/varnel/Downloads/stilles_auto/src/main/java/com/stilles/stilles_auto/repository/UserRepository.java
/home/varnel/Downloads/stilles_auto/src/main/java/com/stilles/stilles_auto/repository/VehicleRepository.java
/home/varnel/Downloads/stilles_auto/src/main/java/com/stilles/stilles_auto/repository/api/AccessoryRepositoryApi.java
/home/varnel/Downloads/stilles_auto/src/main/java/com/stilles/stilles_auto/repository/api/RentalRepositoryApi.java
/home/varnel/Downloads/stilles_auto/src/main/java/com/stilles/stilles_auto/repository/api/SaleRepositoryApi.java
/home/varnel/Downloads/stilles_auto/src/main/java/com/stilles/stilles_auto/repository/api/VehicleRepositoryApi.java
/home/varnel/Downloads/stilles_auto/src/main/java/com/stilles/stilles_auto/security/AuthenticationManager.java
/home/varnel/Downloads/stilles_auto/src/main/java/com/stilles/stilles_auto/security/CustomUserDetails.java
/home/varnel/Downloads/stilles_auto/src/main/java/com/stilles/stilles_auto/security/CustomUserDetailsService.java
/home/varnel/Downloads/stilles_auto/src/main/java/com/stilles/stilles_auto/security/JwtTokenProvider.java
/home/varnel/Downloads/stilles_auto/src/main/java/com/stilles/stilles_auto/security/SecurityContextRepository.java
/home/varnel/Downloads/stilles_auto/src/main/java/com/stilles/stilles_auto/service/AccessoryService.java
/home/varnel/Downloads/stilles_auto/src/main/java/com/stilles/stilles_auto/service/AuthService.java
/home/varnel/Downloads/stilles_auto/src/main/java/com/stilles/stilles_auto/service/RentalService.java
/home/varnel/Downloads/stilles_auto/src/main/java/com/stilles/stilles_auto/service/SaleService.java
/home/varnel/Downloads/stilles_auto/src/main/java/com/stilles/stilles_auto/service/VehicleService.java
/home/varnel/Downloads/stilles_auto/src/main/java/com/stilles/stilles_auto/service/api/AccessoryServiceApi.java
/home/varnel/Downloads/stilles_auto/src/main/java/com/stilles/stilles_auto/service/api/RentalServiceApi.java
/home/varnel/Downloads/stilles_auto/src/main/java/com/stilles/stilles_auto/service/api/SaleServiceApi.java
/home/varnel/Downloads/stilles_auto/src/main/java/com/stilles/stilles_auto/service/api/VehicleServiceApi.java
